3.10222 3.02384 
2.92851 3.113 
2.86305 2.99471 
3.07793 2.95203 
2.9921 2.95606 
2.93605 2.87721 
3.12033 2.89355 
2.91496 2.94557 
3.01526 3.0268 
2.90902 3.11155 
2.94183 3.02515 
2.92558 3.00985 
2.87854 3.06133 
2.85812 2.93525 
3.11271 2.97943 
2.98205 2.85719 
3.10513 3.03822 
3.05033 3.03721 
3.1216 2.96755 
3.11912 2.90851 
2.97966 2.87666 
3.09171 2.92543 
2.99643 2.95127 
2.83895 3.00526 
3.01568 2.85684 
3.00238 2.82462 
